src/components/Table.tsx(2,1): error TS6133: 'useFrame' is declared but its value is never read.
src/components/Table.tsx(3,1): error TS6192: All imports in import declaration are unused.
